<testsuites id="" name="" tests="3" failures="0" skipped="0" errors="0" time="2.017881">
<testsuite name="example.spec.js" timestamp="2025-06-06T14:56:17.783Z" hostname="chromium" tests="3" failures="0" skipped="0" time="3.169" errors="0">
<testcase name="user rides › user should be able to ride" classname="example.spec.js" time="1.209">
</testcase>
<testcase name="user rides › user above height should not be allowed" classname="example.spec.js" time="1.022">
</testcase>
<testcase name="user rides › user with minimum height should be allowed" classname="example.spec.js" time="0.938">
</testcase>
</testsuite>
</testsuites>